../Core/Src/main.c:83:6:ADC_Select_CH	32	static
../Core/Src/main.c:219:5:ADC_poll	16	static
../Core/Src/main.c:232:6:setledpin	16	static
../Core/Src/main.c:258:6:pipeMeter	16	static
../Core/Src/main.c:263:6:get_rpm	16	static
../Core/Src/main.c:291:5:main	248	static
../Core/Src/main.c:570:6:SystemClock_Config	88	static
../Core/Src/main.c:612:13:MX_ADC1_Init	24	static
../Core/Src/main.c:664:13:MX_TIM2_Init	64	static
../Core/Src/main.c:731:13:MX_TIM5_Init	32	static
../Core/Src/main.c:776:13:MX_USART2_UART_Init	8	static
../Core/Src/main.c:809:13:MX_GPIO_Init	48	static
../Core/Src/main.c:870:6:HAL_UART_RxCpltCallback	16	static
../Core/Src/main.c:877:6:get_hour_input	80	static
../Core/Src/main.c:896:6:HAL_TIM_PeriodElapsedCallback	16	static
../Core/Src/main.c:913:6:HAL_GPIO_EXTI_Callback	16	static
../Core/Src/main.c:924:6:Error_Handler	4	static,ignoring_inline_asm
